<html>
<body>
<pre>
<h1>µVision Build Log</h1>
<h2>Tool Versions:</h2>
IDE-Version: µVision V5.27.1.0
Copyright (C) 2019 ARM Ltd and ARM Germany GmbH. All rights reserved.
License Information: asd asd, asd, LIC=----
 
Tool Versions:
Toolchain:       MDK-Lite  Version: 5.27.1.0
Toolchain Path:  C:\Keil_v5\ARM\ARMCC\Bin
C Compiler:      Armcc.exe V5.06 update 6 (build 750)
Assembler:       Armasm.exe V5.06 update 6 (build 750)
Linker/Locator:  ArmLink.exe V5.06 update 6 (build 750)
Library Manager: ArmAr.exe V5.06 update 6 (build 750)
Hex Converter:   FromElf.exe V5.06 update 6 (build 750)
CPU DLL:         SARMCM3.DLL V5.27.1.0
Dialog DLL:      DCM.DLL V1.17.2.0
Target DLL:      STLink\ST-LINKIII-KEIL_SWO.dll V3.0.6.0
Dialog DLL:      TCM.DLL V1.36.1.0
 
<h2>Project:</h2>
C:\Users\Teoman\Desktop\Stm Projeler\oled_2  encoder servo(1)\oled_2\oled-2\MDK-ARM\oled-2.uvprojx
Project File Date:  05/13/2019

<h2>Output:</h2>
*** Using Compiler 'V5.06 update 6 (build 750)', folder: 'C:\Keil_v5\ARM\ARMCC\Bin'
Build target 'oled-2'
compiling main.c...
../Inc/ssd1306.h(238): warning:  #1295-D: Deprecated declaration ssd1306_I2C_Init - give arg types
  void ssd1306_I2C_Init();
../Src/main.c(78): warning:  #188-D: enumerated type mixed with another type
  	SSD1306_Fill (0);
../Src/main.c(94): warning:  #188-D: enumerated type mixed with another type
  	SSD1306_Fill (0);
../Src/main.c(95): warning:  #188-D: enumerated type mixed with another type
  	SSD1306_DrawCircle(65,63,53,1);
../Src/main.c(96): warning:  #188-D: enumerated type mixed with another type
  	SSD1306_DrawLine(67,90,15,65,1);
../Src/main.c(98): warning:  #188-D: enumerated type mixed with another type
  	SSD1306_Puts (strBuffer, &Font_7x10, 1);
../Src/main.c(104): warning:  #188-D: enumerated type mixed with another type
  	SSD1306_Fill (0);
../Src/main.c(105): warning:  #188-D: enumerated type mixed with another type
  	SSD1306_DrawCircle(65,63,53,1);
../Src/main.c(106): warning:  #188-D: enumerated type mixed with another type
  	SSD1306_DrawLine(67,90,15,57,1);
../Src/main.c(108): warning:  #188-D: enumerated type mixed with another type
  	SSD1306_Puts (strBuffer, &Font_7x10, 1);
../Src/main.c(114): warning:  #188-D: enumerated type mixed with another type
  		SSD1306_Fill (0);
../Src/main.c(115): warning:  #188-D: enumerated type mixed with another type
  	SSD1306_DrawCircle(65,63,53,1);
../Src/main.c(116): warning:  #188-D: enumerated type mixed with another type
  	SSD1306_DrawLine(67,90,15,53,1);
../Src/main.c(118): warning:  #188-D: enumerated type mixed with another type
  	SSD1306_Puts (strBuffer, &Font_7x10, 1);
../Src/main.c(124): warning:  #188-D: enumerated type mixed with another type
  	SSD1306_Fill (0);
../Src/main.c(125): warning:  #188-D: enumerated type mixed with another type
  	SSD1306_DrawCircle(65,63,53,1);
../Src/main.c(126): warning:  #188-D: enumerated type mixed with another type
  	SSD1306_DrawLine(67,90,15,47,1);
../Src/main.c(128): warning:  #188-D: enumerated type mixed with another type
  	SSD1306_Puts (strBuffer, &Font_7x10, 1);
../Src/main.c(134): warning:  #188-D: enumerated type mixed with another type
  		SSD1306_Fill (0);
../Src/main.c(135): warning:  #188-D: enumerated type mixed with another type
  	SSD1306_DrawCircle(65,63,53,1);
../Src/main.c(136): warning:  #188-D: enumerated type mixed with another type
  	SSD1306_DrawLine(67,90,20,40,1);
../Src/main.c(138): warning:  #188-D: enumerated type mixed with another type
  	SSD1306_Puts (strBuffer, &Font_7x10, 1);
../Src/main.c(144): warning:  #188-D: enumerated type mixed with another type
  		SSD1306_Fill (0);
../Src/main.c(145): warning:  #188-D: enumerated type mixed with another type
  	SSD1306_DrawCircle(65,63,53,1);
../Src/main.c(146): warning:  #188-D: enumerated type mixed with another type
  	SSD1306_DrawLine(67,90,23,32,1);
../Src/main.c(148): warning:  #188-D: enumerated type mixed with another type
  	SSD1306_Puts (strBuffer, &Font_7x10, 1);
../Src/main.c(154): warning:  #188-D: enumerated type mixed with another type
  			SSD1306_Fill (0);
../Src/main.c(155): warning:  #188-D: enumerated type mixed with another type
  	SSD1306_DrawCircle(65,63,53,1);
../Src/main.c(156): warning:  #188-D: enumerated type mixed with another type
  	SSD1306_DrawLine(67,90,35,25,1);
../Src/main.c(158): warning:  #188-D: enumerated type mixed with another type
  	SSD1306_Puts (strBuffer, &Font_7x10, 1);
../Src/main.c(164): warning:  #188-D: enumerated type mixed with another type
  			SSD1306_Fill (0);
../Src/main.c(165): warning:  #188-D: enumerated type mixed with another type
  	SSD1306_DrawCircle(65,63,53,1);
../Src/main.c(166): warning:  #188-D: enumerated type mixed with another type
  	SSD1306_DrawLine(67,90,43,18,1);
../Src/main.c(168): warning:  #188-D: enumerated type mixed with another type
  	SSD1306_Puts (strBuffer, &Font_7x10, 1);
../Src/main.c(174): warning:  #188-D: enumerated type mixed with another type
  			SSD1306_Fill (0);
../Src/main.c(175): warning:  #188-D: enumerated type mixed with another type
  	SSD1306_DrawCircle(65,63,53,1);
../Src/main.c(176): warning:  #188-D: enumerated type mixed with another type
  	SSD1306_DrawLine(67,90,50,11,1);
../Src/main.c(178): warning:  #188-D: enumerated type mixed with another type
  	SSD1306_Puts (strBuffer, &Font_7x10, 1);
../Src/main.c(184): warning:  #188-D: enumerated type mixed with another type
  			SSD1306_Fill (0);
../Src/main.c(185): warning:  #188-D: enumerated type mixed with another type
  	SSD1306_DrawCircle(65,63,53,1);
../Src/main.c(186): warning:  #188-D: enumerated type mixed with another type
  	SSD1306_DrawLine(67,90,55,8,1);
../Src/main.c(188): warning:  #188-D: enumerated type mixed with another type
  	SSD1306_Puts (strBuffer, &Font_7x10, 1);
../Src/main.c(194): warning:  #188-D: enumerated type mixed with another type
  				SSD1306_Fill (0);
../Src/main.c(195): warning:  #188-D: enumerated type mixed with another type
  	SSD1306_DrawCircle(65,63,53,1);
../Src/main.c(196): warning:  #188-D: enumerated type mixed with another type
  	SSD1306_DrawLine(67,90,55,2,1);
../Src/main.c(198): warning:  #188-D: enumerated type mixed with another type
  	SSD1306_Puts (strBuffer, &Font_7x10, 1);
../Src/main.c(204): warning:  #188-D: enumerated type mixed with another type
  					SSD1306_Fill (0);
../Src/main.c(205): warning:  #188-D: enumerated type mixed with another type
  	SSD1306_DrawCircle(65,63,53,1);
../Src/main.c(206): warning:  #188-D: enumerated type mixed with another type
  	SSD1306_DrawLine(67,90,60,2,1);
../Src/main.c(208): warning:  #188-D: enumerated type mixed with another type
  	SSD1306_Puts (strBuffer, &Font_7x10, 1);
../Src/main.c(214): warning:  #188-D: enumerated type mixed with another type
  					SSD1306_Fill (0);
../Src/main.c(215): warning:  #188-D: enumerated type mixed with another type
  	SSD1306_DrawCircle(65,63,53,1);
../Src/main.c(216): warning:  #188-D: enumerated type mixed with another type
  	SSD1306_DrawLine(67,90,62,2,1);
../Src/main.c(218): warning:  #188-D: enumerated type mixed with another type
  	SSD1306_Puts (strBuffer, &Font_7x10, 1);
../Src/main.c(224): warning:  #188-D: enumerated type mixed with another type
  	SSD1306_Fill (0);
../Src/main.c(225): warning:  #188-D: enumerated type mixed with another type
  	SSD1306_DrawCircle(65,63,53,1);
../Src/main.c(226): warning:  #188-D: enumerated type mixed with another type
  	SSD1306_DrawLine(67,90,64,2,1);
../Src/main.c(228): warning:  #188-D: enumerated type mixed with another type
  	SSD1306_Puts (strBuffer, &Font_7x10, 1);
../Src/main.c(234): warning:  #188-D: enumerated type mixed with another type
  		SSD1306_Fill (0);
../Src/main.c(235): warning:  #188-D: enumerated type mixed with another type
  	SSD1306_DrawCircle(65,63,53,1);
../Src/main.c(236): warning:  #188-D: enumerated type mixed with another type
  	SSD1306_DrawLine(67,90,69,6,1);
../Src/main.c(238): warning:  #188-D: enumerated type mixed with another type
  	SSD1306_Puts (strBuffer, &Font_7x10, 1);
../Src/main.c(244): warning:  #188-D: enumerated type mixed with another type
  		SSD1306_Fill (0);
../Src/main.c(245): warning:  #188-D: enumerated type mixed with another type
  	SSD1306_DrawCircle(65,63,53,1);
../Src/main.c(246): warning:  #188-D: enumerated type mixed with another type
  	SSD1306_DrawLine(67,90,75,6,1);
../Src/main.c(248): warning:  #188-D: enumerated type mixed with another type
  	SSD1306_Puts (strBuffer, &Font_7x10, 1);
../Src/main.c(254): warning:  #188-D: enumerated type mixed with another type
  			SSD1306_Fill (0);
../Src/main.c(255): warning:  #188-D: enumerated type mixed with another type
  	SSD1306_DrawCircle(65,63,53,1);
../Src/main.c(256): warning:  #188-D: enumerated type mixed with another type
  	SSD1306_DrawLine(67,90,83,8,1);
../Src/main.c(258): warning:  #188-D: enumerated type mixed with another type
  	SSD1306_Puts (strBuffer, &Font_7x10, 1);
../Src/main.c(264): warning:  #188-D: enumerated type mixed with another type
  				SSD1306_Fill (0);
../Src/main.c(265): warning:  #188-D: enumerated type mixed with another type
  	SSD1306_DrawCircle(65,63,53,1);
../Src/main.c(266): warning:  #188-D: enumerated type mixed with another type
  	SSD1306_DrawLine(67,90,90,16,1);
../Src/main.c(268): warning:  #188-D: enumerated type mixed with another type
  	SSD1306_Puts (strBuffer, &Font_7x10, 1);
../Src/main.c(274): warning:  #188-D: enumerated type mixed with another type
  					SSD1306_Fill (0);
../Src/main.c(275): warning:  #188-D: enumerated type mixed with another type
  	SSD1306_DrawCircle(65,63,53,1);
../Src/main.c(276): warning:  #188-D: enumerated type mixed with another type
  	SSD1306_DrawLine(67,90,95,19,1);
../Src/main.c(278): warning:  #188-D: enumerated type mixed with another type
  	SSD1306_Puts (strBuffer, &Font_7x10, 1);
../Src/main.c(284): warning:  #188-D: enumerated type mixed with another type
  					SSD1306_Fill (0);
../Src/main.c(285): warning:  #188-D: enumerated type mixed with another type
  	SSD1306_DrawCircle(65,63,53,1);
../Src/main.c(286): warning:  #188-D: enumerated type mixed with another type
  	SSD1306_DrawLine(67,90,100,22,1);
../Src/main.c(288): warning:  #188-D: enumerated type mixed with another type
  	SSD1306_Puts (strBuffer, &Font_7x10, 1);
../Src/main.c(294): warning:  #188-D: enumerated type mixed with another type
  					SSD1306_Fill (0);
../Src/main.c(295): warning:  #188-D: enumerated type mixed with another type
  	SSD1306_DrawCircle(65,63,53,1);
../Src/main.c(296): warning:  #188-D: enumerated type mixed with another type
  	SSD1306_DrawLine(67,90,104,30,1);
../Src/main.c(298): warning:  #188-D: enumerated type mixed with another type
  	SSD1306_Puts (strBuffer, &Font_7x10, 1);
../Src/main.c(304): warning:  #188-D: enumerated type mixed with another type
  					SSD1306_Fill (0);
../Src/main.c(305): warning:  #188-D: enumerated type mixed with another type
  	SSD1306_DrawCircle(65,63,53,1);
../Src/main.c(306): warning:  #188-D: enumerated type mixed with another type
  	SSD1306_DrawLine(67,90,110,38,1);
../Src/main.c(308): warning:  #188-D: enumerated type mixed with another type
  	SSD1306_Puts (strBuffer, &Font_7x10, 1);
../Src/main.c(314): warning:  #188-D: enumerated type mixed with another type
  						SSD1306_Fill (0);
../Src/main.c(315): warning:  #188-D: enumerated type mixed with another type
  	SSD1306_DrawCircle(65,63,53,1);
../Src/main.c(316): warning:  #188-D: enumerated type mixed with another type
  	SSD1306_DrawLine(67,90,113,44,1);
../Src/main.c(318): warning:  #188-D: enumerated type mixed with another type
  	SSD1306_Puts (strBuffer, &Font_7x10, 1);
../Src/main.c(324): warning:  #188-D: enumerated type mixed with another type
  						SSD1306_Fill (0);
../Src/main.c(325): warning:  #188-D: enumerated type mixed with another type
  	SSD1306_DrawCircle(65,63,53,1);
../Src/main.c(326): warning:  #188-D: enumerated type mixed with another type
  	SSD1306_DrawLine(67,90,115,47,1);
../Src/main.c(328): warning:  #188-D: enumerated type mixed with another type
  	SSD1306_Puts (strBuffer, &Font_7x10, 1);
../Src/main.c(334): warning:  #188-D: enumerated type mixed with another type
  						SSD1306_Fill (0);
../Src/main.c(335): warning:  #188-D: enumerated type mixed with another type
  	SSD1306_DrawCircle(65,63,53,1);
../Src/main.c(336): warning:  #188-D: enumerated type mixed with another type
  	SSD1306_DrawLine(67,90,115,55,1);
../Src/main.c(338): warning:  #188-D: enumerated type mixed with another type
  	SSD1306_Puts (strBuffer, &Font_7x10, 1);
../Src/main.c(344): warning:  #188-D: enumerated type mixed with another type
  							SSD1306_Fill (0);
../Src/main.c(345): warning:  #188-D: enumerated type mixed with another type
  	SSD1306_DrawCircle(65,63,53,1);
../Src/main.c(346): warning:  #188-D: enumerated type mixed with another type
  	SSD1306_DrawLine(67,90,120,59,1);
../Src/main.c(348): warning:  #188-D: enumerated type mixed with another type
  	SSD1306_Puts (strBuffer, &Font_7x10, 1);
../Src/main.c(354): warning:  #188-D: enumerated type mixed with another type
  							SSD1306_Fill (0);
../Src/main.c(355): warning:  #188-D: enumerated type mixed with another type
  	SSD1306_DrawCircle(65,63,53,1);
../Src/main.c(356): warning:  #188-D: enumerated type mixed with another type
  	SSD1306_DrawLine(67,90,118,64,1);
../Src/main.c(358): warning:  #188-D: enumerated type mixed with another type
  	SSD1306_Puts (strBuffer, &Font_7x10, 1);
../Src/main.c: 110 warnings, 0 errors
linking...
Program Size: Code=14556 RO-data=2192 RW-data=48 ZI-data=2904  
"oled-2\oled-2.axf" - 0 Error(s), 110 Warning(s).

<h2>Software Packages used:</h2>

Package Vendor: ARM
                http://www.keil.com/pack/ARM.CMSIS.5.5.1.pack
                ARM.CMSIS.5.5.1
                CMSIS (Cortex Microcontroller Software Interface Standard)
   * Component: CORE Version: 5.2.0

Package Vendor: Keil
                http://www.keil.com/pack/Keil.STM32F1xx_DFP.2.3.0.pack
                Keil.STM32F1xx_DFP.2.3.0
                STMicroelectronics STM32F1 Series Device Support, Drivers and Examples

<h2>Collection of Component include folders:</h2>
  .\RTE\_oled-2
  C:\Keil_v5\Packs\ARM\CMSIS\5.5.1\CMSIS\Core\Include
  C:\Keil_v5\Packs\Keil\STM32F1xx_DFP\2.3.0\Device\Include

<h2>Collection of Component Files used:</h2>

   * Component: ARM::CMSIS:CORE:5.2.0
Build Time Elapsed:  00:00:02
</pre>
</body>
</html>
