<html>
<body>
<pre>
<h1>µVision Build Log</h1>
<h2>Tool Versions:</h2>
IDE-Version: µVision V5.27.1.0
Copyright (C) 2019 ARM Ltd and ARM Germany GmbH. All rights reserved.
License Information: asd asd, asd, LIC=----
 
Tool Versions:
Toolchain:       MDK-Lite  Version: 5.27.1.0
Toolchain Path:  C:\Keil_v5\ARM\ARMCC\Bin
C Compiler:      Armcc.exe V5.06 update 6 (build 750)
Assembler:       Armasm.exe V5.06 update 6 (build 750)
Linker/Locator:  ArmLink.exe V5.06 update 6 (build 750)
Library Manager: ArmAr.exe V5.06 update 6 (build 750)
Hex Converter:   FromElf.exe V5.06 update 6 (build 750)
CPU DLL:         SARMCM3.DLL V5.27.1.0
Dialog DLL:      DCM.DLL V1.17.2.0
Target DLL:      STLink\ST-LINKIII-KEIL_SWO.dll V3.0.6.0
Dialog DLL:      TCM.DLL V1.36.1.0
 
<h2>Project:</h2>
C:\Users\Teoman\Desktop\Stm Projeler\stepbutonlu\step\MDK-ARM\step.uvprojx
Project File Date:  05/20/2019

<h2>Output:</h2>
*** Using Compiler 'V5.06 update 6 (build 750)', folder: 'C:\Keil_v5\ARM\ARMCC\Bin'
Build target 'step'
compiling main.c...
../Inc/ssd1306.h(238): warning:  #1295-D: Deprecated declaration ssd1306_I2C_Init - give arg types
  void ssd1306_I2C_Init();
../Src/main.c(113): warning:  #188-D: enumerated type mixed with another type
  	SSD1306_Fill (0);
../Src/main.c(123): warning:  #188-D: enumerated type mixed with another type
  SSD1306_Fill (0);
../Src/main.c(133): warning:  #188-D: enumerated type mixed with another type
  	SSD1306_Puts ("Motor Yonu<==Sol", &Font_7x10, 1);
../Src/main.c(139): warning:  #188-D: enumerated type mixed with another type
  	SSD1306_Puts ("Motor Yonu==>Sag", &Font_7x10, 1);
../Src/main.c(150): warning:  #188-D: enumerated type mixed with another type
  	SSD1306_DrawRectangle(10,24,101,31,1);	
../Src/main.c(151): warning:  #188-D: enumerated type mixed with another type
   SSD1306_DrawFilledRectangle(10,24,ibre,30,1);
../Src/main.c(153): warning:  #188-D: enumerated type mixed with another type
  	SSD1306_Puts ("HIZ", &Font_11x18, 1);
../Src/main.c(109): warning:  #177-D: variable "i"  was declared but never referenced
  	int i;
../Src/main.c: 9 warnings, 0 errors
linking...
Program Size: Code=8860 RO-data=5612 RW-data=64 ZI-data=2712  
FromELF: creating hex file...
"step\step.axf" - 0 Error(s), 9 Warning(s).

<h2>Software Packages used:</h2>

Package Vendor: ARM
                http://www.keil.com/pack/ARM.CMSIS.5.5.1.pack
                ARM.CMSIS.5.5.1
                CMSIS (Cortex Microcontroller Software Interface Standard)
   * Component: CORE Version: 5.2.0

Package Vendor: Keil
                http://www.keil.com/pack/Keil.STM32F1xx_DFP.2.3.0.pack
                Keil.STM32F1xx_DFP.2.3.0
                STMicroelectronics STM32F1 Series Device Support, Drivers and Examples

<h2>Collection of Component include folders:</h2>
  .\RTE\_step
  C:\Keil_v5\Packs\ARM\CMSIS\5.5.1\CMSIS\Core\Include
  C:\Keil_v5\Packs\Keil\STM32F1xx_DFP\2.3.0\Device\Include

<h2>Collection of Component Files used:</h2>

   * Component: ARM::CMSIS:CORE:5.2.0
Build Time Elapsed:  00:00:02
</pre>
</body>
</html>
